C:\projects\Bridge_RUC_Motor\Bridge_RUC_Motor\Logical\Global.typ
C:\projects\Bridge_RUC_Motor\Bridge_RUC_Motor\Logical\Global.var
C:\projects\Bridge_RUC_Motor\Bridge_RUC_Motor\Logical\Libraries\AsCANopen\AsCANopen.fun
C:\projects\Bridge_RUC_Motor\Bridge_RUC_Motor\Logical\Libraries\AsCANopen\AsCANopen.typ
C:\projects\Bridge_RUC_Motor\Bridge_RUC_Motor\Logical\Libraries\AsCANopen\AsCANopen.var
C:\projects\Bridge_RUC_Motor\Bridge_RUC_Motor\Logical\Libraries\AsBrStr\AsBrStr.fun
C:\projects\Bridge_RUC_Motor\Bridge_RUC_Motor\Logical\Libraries\AsBrStr\AsBrStr.typ
C:\projects\Bridge_RUC_Motor\Bridge_RUC_Motor\Logical\Libraries\AsBrStr\AsBrStr.var
C:\projects\Bridge_RUC_Motor\Bridge_RUC_Motor\Logical\Libraries\operator\operator.fun
C:\projects\Bridge_RUC_Motor\Bridge_RUC_Motor\Logical\Libraries\operator\operator.typ
C:\projects\Bridge_RUC_Motor\Bridge_RUC_Motor\Logical\Libraries\operator\operator.var
C:\projects\Bridge_RUC_Motor\Bridge_RUC_Motor\Logical\Libraries\runtime\runtime.fun
C:\projects\Bridge_RUC_Motor\Bridge_RUC_Motor\Logical\Libraries\runtime\runtime.typ
C:\projects\Bridge_RUC_Motor\Bridge_RUC_Motor\Logical\Libraries\runtime\runtime.var
C:\projects\Bridge_RUC_Motor\Bridge_RUC_Motor\Logical\Libraries\astime\astime.fun
C:\projects\Bridge_RUC_Motor\Bridge_RUC_Motor\Logical\Libraries\astime\astime.typ
C:\projects\Bridge_RUC_Motor\Bridge_RUC_Motor\Logical\Libraries\astime\astime.var
C:\projects\Bridge_RUC_Motor\Bridge_RUC_Motor\Logical\Libraries\AsIecCon\AsIecCon.fun
C:\projects\Bridge_RUC_Motor\Bridge_RUC_Motor\Logical\Libraries\AsIecCon\AsIecCon.typ
C:\projects\Bridge_RUC_Motor\Bridge_RUC_Motor\Logical\Libraries\AsIecCon\AsIecCon.var
C:\projects\Bridge_RUC_Motor\Bridge_RUC_Motor\Logical\Libraries\ArCan\ArCan.fun
C:\projects\Bridge_RUC_Motor\Bridge_RUC_Motor\Logical\Libraries\ArCan\ArCan.typ
C:\projects\Bridge_RUC_Motor\Bridge_RUC_Motor\Logical\Libraries\ArCan\ArCan.var
C:\projects\Bridge_RUC_Motor\Bridge_RUC_Motor\Logical\Libraries\standard\standard.fun
C:\projects\Bridge_RUC_Motor\Bridge_RUC_Motor\Logical\Libraries\standard\standard.typ
C:\projects\Bridge_RUC_Motor\Bridge_RUC_Motor\Logical\Libraries\standard\standard.var
